2026-09-28 19:18:04,221 INFO o.a.j.u.JMeterUtils: Setting Locale to en_EN
2026-09-28 19:18:04,257 INFO o.a.j.JMeter: Loading user properties from: D:\apache-jmeter-5.6.3\bin\user.properties
2026-09-28 19:18:04,271 INFO o.a.j.JMeter: Loading system properties from: D:\apache-jmeter-5.6.3\bin\system.properties
2026-09-28 19:18:04,271 INFO o.a.j.JMeter: Setting JMeter property: threads=50
2026-09-28 19:18:04,277 INFO o.a.j.JMeter: Copyright (c) 1998-2024 The Apache Software Foundation
2026-09-28 19:18:04,277 INFO o.a.j.JMeter: Version 5.6.3
2026-09-28 19:18:04,277 INFO o.a.j.JMeter: java.version=21.0.10
2026-09-28 19:18:04,278 INFO o.a.j.JMeter: java.vm.name=Java HotSpot(TM) 64-Bit Server VM
2026-09-28 19:18:04,278 INFO o.a.j.JMeter: os.name=Windows 11
2026-09-28 19:18:04,278 INFO o.a.j.JMeter: os.arch=amd64
2026-09-28 19:18:04,278 INFO o.a.j.JMeter: os.version=10.0
2026-09-28 19:18:04,278 INFO o.a.j.JMeter: file.encoding=UTF-8
2026-09-28 19:18:04,278 INFO o.a.j.JMeter: java.awt.headless=true
2026-09-28 19:18:04,278 INFO o.a.j.JMeter: Max memory     =1073741824
2026-09-28 19:18:04,278 INFO o.a.j.JMeter: Available Processors =12
2026-09-28 19:18:04,288 INFO o.a.j.JMeter: Default Locale=English (EN)
2026-09-28 19:18:04,289 INFO o.a.j.JMeter: JMeter  Locale=English (EN)
2026-09-28 19:18:04,289 INFO o.a.j.JMeter: JMeterHome=D:\apache-jmeter-5.6.3
2026-09-28 19:18:04,289 INFO o.a.j.JMeter: user.dir  =D:\LVTN\Remote-Learning-LUMER
2026-09-28 19:18:04,289 INFO o.a.j.JMeter: PWD       =D:\LVTN\Remote-Learning-LUMER
2026-09-28 19:18:04,290 INFO o.a.j.JMeter: IP: 10.7.5.40 Name: HIEU FullName: HIEU
2026-09-28 19:18:04,308 INFO o.a.j.s.FileServer: Default base='D:\LVTN\Remote-Learning-LUMER'
2026-09-28 19:18:04,310 INFO o.a.j.s.FileServer: Set new base='D:\LVTN\Remote-Learning-LUMER'
2026-09-28 19:18:04,519 INFO o.a.j.s.SaveService: Testplan (JMX) version: 2.2. Testlog (JTL) version: 2.2
2026-09-28 19:18:04,571 INFO o.a.j.s.SaveService: Using SaveService properties version 5.0
2026-09-28 19:18:04,577 INFO o.a.j.s.SaveService: Using SaveService properties file encoding UTF-8
2026-09-28 19:18:04,581 INFO o.a.j.s.SaveService: Loading file: direct.jmx
2026-09-28 19:18:04,680 INFO o.a.j.p.h.s.HTTPSamplerBase: Parser for text/html is org.apache.jmeter.protocol.http.parser.LagartoBasedHtmlParser
2026-09-28 19:18:04,680 INFO o.a.j.p.h.s.HTTPSamplerBase: Parser for application/xhtml+xml is org.apache.jmeter.protocol.http.parser.LagartoBasedHtmlParser
2026-09-28 19:18:04,680 INFO o.a.j.p.h.s.HTTPSamplerBase: Parser for application/xml is org.apache.jmeter.protocol.http.parser.LagartoBasedHtmlParser
2026-09-28 19:18:04,680 INFO o.a.j.p.h.s.HTTPSamplerBase: Parser for text/xml is org.apache.jmeter.protocol.http.parser.LagartoBasedHtmlParser
2026-09-28 19:18:04,680 INFO o.a.j.p.h.s.HTTPSamplerBase: Parser for text/vnd.wap.wml is org.apache.jmeter.protocol.http.parser.RegexpHTMLParser
2026-09-28 19:18:04,680 INFO o.a.j.p.h.s.HTTPSamplerBase: Parser for text/css is org.apache.jmeter.protocol.http.parser.CssParser
2026-09-28 19:18:04,723 INFO o.a.j.JMeter: Creating summariser <summary>
2026-09-28 19:18:04,740 INFO o.a.j.e.StandardJMeterEngine: Running the test!
2026-09-28 19:18:04,741 INFO o.a.j.s.SampleEvent: List of sample_variables: []
2026-09-28 19:18:04,741 INFO o.a.j.s.SampleEvent: List of sample_variables: []
2026-09-28 19:18:04,747 INFO o.a.j.e.u.CompoundVariable: Note: Function class names must contain the string: '.functions.'
2026-09-28 19:18:04,747 INFO o.a.j.e.u.CompoundVariable: Note: Function class names must not contain the string: '.gui.'
2026-09-28 19:18:04,842 INFO o.a.j.JMeter: Running test (1790597884842)
2026-09-28 19:18:04,863 INFO o.a.j.e.StandardJMeterEngine: Starting ThreadGroup: 1 : Thread Group
2026-09-28 19:18:04,863 INFO o.a.j.e.StandardJMeterEngine: Starting 10 threads for group Thread Group.
2026-09-28 19:18:04,863 INFO o.a.j.e.StandardJMeterEngine: Thread will continue on error
2026-09-28 19:18:04,863 INFO o.a.j.t.ThreadGroup: Starting thread group... number=1 threads=10 ramp-up=1 delayedStart=false
2026-09-28 19:18:04,878 INFO o.a.j.t.ThreadGroup: Started thread group number 1
2026-09-28 19:18:04,878 INFO o.a.j.e.StandardJMeterEngine: All thread groups have been started
2026-09-28 19:18:04,988 INFO o.a.j.t.JMeterThread: Thread started: Thread Group 1-1
2026-09-28 19:18:04,992 INFO o.a.j.s.FileServer: Stored: D:\Download\users.csv
2026-09-28 19:18:05,044 INFO o.a.j.p.h.s.HTTPHCAbstractImpl: Local host = HIEU
2026-09-28 19:18:05,056 INFO o.a.j.p.h.s.HTTPHC4Impl: HTTP request retry count = 0
2026-09-28 19:18:05,058 INFO o.a.j.s.SampleResult: Note: Sample TimeStamps are START times
2026-09-28 19:18:05,059 INFO o.a.j.s.SampleResult: sampleresult.default.encoding is set to UTF-8
2026-09-28 19:18:05,059 INFO o.a.j.s.SampleResult: sampleresult.useNanoTime=true
2026-09-28 19:18:05,059 INFO o.a.j.s.SampleResult: sampleresult.nanoThreadSleep=5000
2026-09-28 19:18:05,083 INFO o.a.j.t.JMeterThread: Thread started: Thread Group 1-2
2026-09-28 19:18:05,182 INFO o.a.j.t.JMeterThread: Thread started: Thread Group 1-3
2026-09-28 19:18:05,282 INFO o.a.j.t.JMeterThread: Thread started: Thread Group 1-4
2026-09-28 19:18:05,379 INFO o.a.j.t.JMeterThread: Thread started: Thread Group 1-5
2026-09-28 19:18:05,479 INFO o.a.j.t.JMeterThread: Thread started: Thread Group 1-6
2026-09-28 19:18:05,579 INFO o.a.j.t.JMeterThread: Thread started: Thread Group 1-7
2026-09-28 19:18:05,678 INFO o.a.j.t.JMeterThread: Thread started: Thread Group 1-8
2026-09-28 19:18:05,777 INFO o.a.j.t.JMeterThread: Thread started: Thread Group 1-9
2026-09-28 19:18:05,813 INFO o.a.j.r.Summariser: summary +      1 in 00:00:01 =    1.0/s Avg:   585 Min:   585 Max:   585 Err:     0 (0.00%) Active: 9 Started: 9 Finished: 0
2026-09-28 19:18:05,878 INFO o.a.j.t.JMeterThread: Thread started: Thread Group 1-10
2026-09-28 19:18:12,449 INFO o.a.j.t.JMeterThread: Thread is done: Thread Group 1-3
2026-09-28 19:18:12,449 INFO o.a.j.t.JMeterThread: Thread finished: Thread Group 1-3
2026-09-28 19:18:12,454 INFO o.a.j.t.JMeterThread: Thread is done: Thread Group 1-4
2026-09-28 19:18:12,454 INFO o.a.j.t.JMeterThread: Thread finished: Thread Group 1-4
2026-09-28 19:18:12,465 INFO o.a.j.t.JMeterThread: Thread is done: Thread Group 1-6
2026-09-28 19:18:12,465 INFO o.a.j.t.JMeterThread: Thread finished: Thread Group 1-6
2026-09-28 19:18:12,616 INFO o.a.j.t.JMeterThread: Thread is done: Thread Group 1-8
2026-09-28 19:18:12,616 INFO o.a.j.t.JMeterThread: Thread finished: Thread Group 1-8
2026-09-28 19:18:13,096 INFO o.a.j.t.JMeterThread: Thread is done: Thread Group 1-2
2026-09-28 19:18:13,096 INFO o.a.j.t.JMeterThread: Thread finished: Thread Group 1-2
2026-09-28 19:18:13,101 INFO o.a.j.t.JMeterThread: Thread is done: Thread Group 1-7
2026-09-28 19:18:13,101 INFO o.a.j.t.JMeterThread: Thread finished: Thread Group 1-7
2026-09-28 19:18:13,155 INFO o.a.j.t.JMeterThread: Thread is done: Thread Group 1-10
2026-09-28 19:18:13,155 INFO o.a.j.t.JMeterThread: Thread finished: Thread Group 1-10
2026-09-28 19:18:13,217 INFO o.a.j.t.JMeterThread: Thread is done: Thread Group 1-1
2026-09-28 19:18:13,217 INFO o.a.j.t.JMeterThread: Thread finished: Thread Group 1-1
2026-09-28 19:18:13,233 INFO o.a.j.t.JMeterThread: Thread is done: Thread Group 1-5
2026-09-28 19:18:13,233 INFO o.a.j.t.JMeterThread: Thread finished: Thread Group 1-5
2026-09-28 19:18:13,312 INFO o.a.j.t.JMeterThread: Thread is done: Thread Group 1-9
2026-09-28 19:18:13,312 INFO o.a.j.t.JMeterThread: Thread finished: Thread Group 1-9
2026-09-28 19:18:13,312 INFO o.a.j.e.StandardJMeterEngine: Notifying test listeners of end of test
2026-09-28 19:18:13,312 INFO o.a.j.s.FileServer: Close: D:\Download\users.csv
2026-09-28 19:18:13,313 INFO o.a.j.r.Summariser: summary +     89 in 00:00:08 =   11.9/s Avg:   829 Min:     1 Max:  5316 Err:    34 (38.20%) Active: 0 Started: 10 Finished: 10
2026-09-28 19:18:13,313 INFO o.a.j.r.Summariser: summary =     90 in 00:00:08 =   10.6/s Avg:   827 Min:     1 Max:  5316 Err:    34 (37.78%)
